Microchip MPLAB XC8 Compiler V2.31

Linker command line:

-W-3 --edf=C:\Program Files\Microchip\xc8\v2.31\pic\dat\en_msgs.txt -cn \
  -h+dist/default/production\TC74.X.production.sym \
  --cmf=dist/default/production\TC74.X.production.cmf -z -Q18F46K22 \
  -oC:\Users\Garrix\AppData\Local\Temp\sau8.2 --defsym=__MPLAB_BUILD=1 \
  -Mdist/default/production/TC74.X.production.map -E1 -ver=XC8 Compiler \
  --acfsm=1493 -ASTACK=0AFh-0F37h -pstack=STACK -ACODE=00h-0FFFFh \
  -ACONST=00h-0FFFFh -ASMALLCONST=01000h-010FFhx240 \
  -AMEDIUMCONST=01000h-0FFFFh -ACOMRAM=01h-05Fh -AABS1=00h-0F37h \
  -ABIGRAM=01h-0F37h -ARAM=060h-0FFh,0100h-01FFhx14,0F00h-0F37h \
  -ABANK0=060h-0FFh -ABANK1=0100h-01FFh -ABANK2=0200h-02FFh \
  -ABANK3=0300h-03FFh -ABANK4=0400h-04FFh -ABANK5=0500h-05FFh \
  -ABANK6=0600h-06FFh -ABANK7=0700h-07FFh -ABANK8=0800h-08FFh \
  -ABANK9=0900h-09FFh -ABANK10=0A00h-0AFFh -ABANK11=0B00h-0BFFh \
  -ABANK12=0C00h-0CFFh -ABANK13=0D00h-0DFFh -ABANK14=0E00h-0EFFh \
  -ABANK15=0F00h-0F37h -ASFR=0F38h-0F5Fh,0F60h-0FFFh \
  -ACONFIG=0300000h-030000Dh -AIDLOC=0200000h-0200007h \
  -AEEDATA=0F00000h-0F003FFh -peeprom_data=EEDATA \
  -preset_vec=00h,intcode,intcodelo,powerup,init -pramtop=01000h \
  -psmallconst=SMALLCONST -pmediumconst=MEDIUMCONST -pconst=CONST \
  -AFARRAM=00h-00h \
  -prdata=COMRAM,nvrram=COMRAM,nvbit=COMRAM,rbss=COMRAM,rbit=COMRAM \
  -pfarbss=FARRAM,fardata=FARRAM,nvFARRAM=FARRAM \
  -pintsave_regs=BIGRAM,bigbss=BIGRAM,bigdata=BIGRAM -pbss=RAM \
  -pidata=CODE,irdata=CODE,ibigdata=CODE,ifardata=CODE -prparam=COMRAM \
  C:\Users\Garrix\AppData\Local\Temp\sau8.o \
  dist/default/production\TC74.X.production.o 

Object code version is 3.11

Machine type is 18F46K22



                Name                               Link     Load   Length Selector   Space Scale
C:\Users\Garrix\AppData\Local\Temp\sau8.o
                idloc                            200000   200000        8        0       5
                config                           300000   300000        E        0       4
                init                                  0        0        4        0       0
dist/default/production\TC74.X.production.o
                idloc                            200000   200000        8        0       5
                config                           300000   300000        E        0       4
                smallconst                         1000     1000       4C      800       0
                text71                             1EB4     1EB4        A      826       0
                text70                             1EAA     1EAA        A      826       0
                text69                             1EA0     1EA0        A      826       0
                text68                             1B04     1B04       40      826       0
                text67                             1E00     1E00       14      826       0
                text66                             1E52     1E52        E      826       0
                text65                             1B44     1B44       3E      826       0
                text64                             1E14     1E14       12      826       0
                text63                             1F40     1F40        4      826       0
                text62                             1F3C     1F3C        4      826       0
                text61                             1F38     1F38        4      826       0
                text60                             1D48     1D48       22      826       0
                text59                             1F34     1F34        4      826       0
                text58                             1F30     1F30        4      826       0
                text57                             1F2C     1F2C        4      826       0
                text56                             1D9E     1D9E       1A      826       0
                text55                             191C     191C       5E      826       0
                text54                             1DE8     1DE8       18      826       0
                text53                             1CD2     1CD2       2C      826       0
                text52                             1F28     1F28        4      826       0
                text51                             1F24     1F24        4      826       0
                text50                             1CA6     1CA6       2C      826       0
                text49                             1C7A     1C7A       2C      826       0
                text48                             1C4E     1C4E       2C      826       0
                text47                             1AC4     1AC4       40      826       0
                text46                             1F20     1F20        4      826       0
                text45                             1F12     1F12        6      826       0
                text44                             1F1C     1F1C        4      826       0
                text43                             1F0C     1F0C        6      826       0
                text42                             1EFE     1EFE        8      826       0
                text41                             1E6C     1E6C        C      826       0
                text40                             1F18     1F18        4      826       0
                text39                             18BE     18BE       5E      826       0
                text38                             1E96     1E96        A      826       0
                text37                             1E44     1E44        E      826       0
                text36                             1E36     1E36        E      826       0
                text35                             163E     163E       8C      826       0
                text34                             17D8     17D8       7A      826       0
                text33                             1E8C     1E8C        A      826       0
                text32                             1EF6     1EF6        8      826       0
                text31                             1EEE     1EEE        8      826       0
                text30                             1EE6     1EE6        8      826       0
                text29                             1EDE     1EDE        8      826       0
                text28                             1ED6     1ED6        8      826       0
                text27                             1ECE     1ECE        8      826       0
                text26                             1EC6     1EC6        8      826       0
                text25                             1E82     1E82        A      826       0
                text24                             1A2A     1A2A       4E      826       0
                text23                             19D6     19D6       54      826       0
                text22                             1F06     1F06        6      826       0
                text21                             1E26     1E26       10      826       0
                text20                             1C22     1C22       2C      826       0
                text19                             1EBE     1EBE        8      826       0
                text18                             1DD0     1DD0       18      826       0
                text17                             1754     1754       84      826       0
                text16                             1DB8     1DB8       18      826       0
                text15                             197A     197A       5C      826       0
                text14                             13D2     13D2      148      826       0
                text13                             151A     151A      124      826       0
                text12                             1BF0     1BF0       32      826       0
                text11                             1E60     1E60        C      826       0
                text10                             1E78     1E78        A      826       0
                text9                              1852     1852       6C      826       0
                text8                              1BBC     1BBC       34      826       0
                text7                              1D26     1D26       22      826       0
                text6                              16CA     16CA       8A      826       0
                text5                              104C     104C      232      826       0
                text4                              127E     127E      154      826       0
                text3                              1A78     1A78       4C      826       0
                text2                              1D84     1D84       1A      826       0
                text1                              1B82     1B82       3A      826       0
                text0                              1CFE     1CFE       28      826       0
                cstackCOMRAM                          1        1       5B        1       1
                bssBANK0                             60       60       49       60       1
                bssCOMRAM                            5C       5C        4        1       1
                cinit                              1D6A     1D6A       1A      826       0
                nvBANK0                              A9       A9        6       60       1

TOTAL           Name                               Link     Load   Length     Space
        CLASS   STACK          

        CLASS   CODE           
                init                                  0        0        4         0
                text71                             1EB4     1EB4        A         0
                text70                             1EAA     1EAA        A         0
                text69                             1EA0     1EA0        A         0
                text68                             1B04     1B04       40         0
                text67                             1E00     1E00       14         0
                text66                             1E52     1E52        E         0
                text65                             1B44     1B44       3E         0
                text64                             1E14     1E14       12         0
                text63                             1F40     1F40        4         0
                text62                             1F3C     1F3C        4         0
                text61                             1F38     1F38        4         0
                text60                             1D48     1D48       22         0
                text59                             1F34     1F34        4         0
                text58                             1F30     1F30        4         0
                text57                             1F2C     1F2C        4         0
                text56                             1D9E     1D9E       1A         0
                text55                             191C     191C       5E         0
                text54                             1DE8     1DE8       18         0
                text53                             1CD2     1CD2       2C         0
                text52                             1F28     1F28        4         0
                text51                             1F24     1F24        4         0
                text50                             1CA6     1CA6       2C         0
                text49                             1C7A     1C7A       2C         0
                text48                             1C4E     1C4E       2C         0
                text47                             1AC4     1AC4       40         0
                text46                             1F20     1F20        4         0
                text45                             1F12     1F12        6         0
                text44                             1F1C     1F1C        4         0
                text43                             1F0C     1F0C        6         0
                text42                             1EFE     1EFE        8         0
                text41                             1E6C     1E6C        C         0
                text40                             1F18     1F18        4         0
                text39                             18BE     18BE       5E         0
                text38                             1E96     1E96        A         0
                text37                             1E44     1E44        E         0
                text36                             1E36     1E36        E         0
                text35                             163E     163E       8C         0
                text34                             17D8     17D8       7A         0
                text33                             1E8C     1E8C        A         0
                text32                             1EF6     1EF6        8         0
                text31                             1EEE     1EEE        8         0
                text30                             1EE6     1EE6        8         0
                text29                             1EDE     1EDE        8         0
                text28                             1ED6     1ED6        8         0
                text27                             1ECE     1ECE        8         0
                text26                             1EC6     1EC6        8         0
                text25                             1E82     1E82        A         0
                text24                             1A2A     1A2A       4E         0
                text23                             19D6     19D6       54         0
                text22                             1F06     1F06        6         0
                text21                             1E26     1E26       10         0
                text20                             1C22     1C22       2C         0
                text19                             1EBE     1EBE        8         0
                text18                             1DD0     1DD0       18         0
                text17                             1754     1754       84         0
                text16                             1DB8     1DB8       18         0
                text15                             197A     197A       5C         0
                text14                             13D2     13D2      148         0
                text13                             151A     151A      124         0
                text12                             1BF0     1BF0       32         0
                text11                             1E60     1E60        C         0
                text10                             1E78     1E78        A         0
                text9                              1852     1852       6C         0
                text8                              1BBC     1BBC       34         0
                text7                              1D26     1D26       22         0
                text6                              16CA     16CA       8A         0
                text5                              104C     104C      232         0
                text4                              127E     127E      154         0
                text3                              1A78     1A78       4C         0
                text2                              1D84     1D84       1A         0
                text1                              1B82     1B82       3A         0
                text0                              1CFE     1CFE       28         0
                cinit                              1D6A     1D6A       1A         0

        CLASS   CONST          

        CLASS   SMALLCONST     
                smallconst                         1000     1000       4C         0

        CLASS   MEDIUMCONST    

        CLASS   COMRAM         
                cstackCOMRAM                          1        1       5B         1
                bssCOMRAM                            5C       5C        4         1

        CLASS   ABS1           

        CLASS   BIGRAM         

        CLASS   RAM            

        CLASS   BANK0          
                bssBANK0                             60       60       49         1
                nvBANK0                              A9       A9        6         1

        CLASS   BANK1          

        CLASS   BANK2          

        CLASS   BANK3          

        CLASS   BANK4          

        CLASS   BANK5          

        CLASS   BANK6          

        CLASS   BANK7          

        CLASS   BANK8          

        CLASS   BANK9          

        CLASS   BANK10         

        CLASS   BANK11         

        CLASS   BANK12         

        CLASS   BANK13         

        CLASS   BANK14         

        CLASS   BANK15         

        CLASS   SFR            

        CLASS   CONFIG         
                config                           300000   300000        E         4

        CLASS   IDLOC          
                idloc                            200000   200000        8         5

        CLASS   EEDATA         

        CLASS   FARRAM         



SEGMENTS        Name                           Load    Length   Top    Selector   Space  Class

                reset_vec                      000000  000004  000004         0       0  CODE    
                cstackCOMRAM                   000001  00005F  000060         1       1  COMRAM  
                bssBANK0                       000060  00004F  0000AF        60       1  BANK0   
                smallconst                     001000  00004C  00104C       800       0  SMALLCON
                text5                          00104C  000EF8  001F44       826       0  CODE    


UNUSED ADDRESS RANGES

        Name                Unused          Largest block    Delta
        BANK0            0000AF-0000FF               51
        BANK1            000100-0001FF              100
        BANK10           000A00-000AFF              100
        BANK11           000B00-000BFF              100
        BANK12           000C00-000CFF              100
        BANK13           000D00-000DFF              100
        BANK14           000E00-000EFF              100
        BANK15           000F00-000F37               38
        BANK2            000200-0002FF              100
        BANK3            000300-0003FF              100
        BANK4            000400-0004FF              100
        BANK5            000500-0005FF              100
        BANK6            000600-0006FF              100
        BANK7            000700-0007FF              100
        BANK8            000800-0008FF              100
        BANK9            000900-0009FF              100
        BIGRAM           0000AF-000F37              E89
        CODE             000004-000FFF              FFC
                         001F44-00FFFF             E0BC
        CONST            000004-000FFF              FFC
                         001F44-00FFFF             E0BC
        EEDATA           F00000-F003FF              400
        MEDIUMCONST      001F44-00FFFF             E0BC
        RAM              0000AF-000F37              100
        SFR              000F38-000FFF               28
        SMALLCONST       001F44-00FFFF              100
        STACK            0000AF-000F37              E89

                                  Symbol Table

?___aodiv                                       cstackCOMRAM 000001
?___aomod                                       cstackCOMRAM 000001
?_abs                                           cstackCOMRAM 000013
?_dtoa                                          cstackCOMRAM 00001C
?_pad                                           cstackCOMRAM 000012
?_printf                                        cstackCOMRAM 000051
?_strlen                                        cstackCOMRAM 000001
?_vfpfcnvrt                                     cstackCOMRAM 000040
?_vfprintf                                      cstackCOMRAM 00004C
EUSART1_SetErrorHandler@interruptHandler        cstackCOMRAM 000001
EUSART1_SetFramingErrorHandler@interruptHandler cstackCOMRAM 000001
EUSART1_SetOverrunErrorHandler@interruptHandler cstackCOMRAM 000001
EUSART1_Write@txData                            cstackCOMRAM 000001
I2C1_Close@returnValue                          cstackCOMRAM 000001
I2C1_MasterOperation@read                       cstackCOMRAM 000007
I2C1_MasterOperation@returnValue                cstackCOMRAM 000008
I2C1_MasterSendTxData@data                      cstackCOMRAM 000001
I2C1_Open@address                               cstackCOMRAM 000001
I2C1_Open@returnValue                           cstackCOMRAM 000002
I2C1_Read1ByteRegister@address                  cstackCOMRAM 00000B
I2C1_Read1ByteRegister@reg                      cstackCOMRAM 00000A
I2C1_Read1ByteRegister@returnValue              cstackCOMRAM 00000C
I2C1_SetAddressNackCallback@cb                  cstackCOMRAM 000006
I2C1_SetAddressNackCallback@ptr                 cstackCOMRAM 000008
I2C1_SetBuffer@buffer                           cstackCOMRAM 000001
I2C1_SetBuffer@bufferSize                       cstackCOMRAM 000003
I2C1_SetCallback@cb                             cstackCOMRAM 000001
I2C1_SetCallback@idx                            cstackCOMRAM 000005
I2C1_SetCallback@ptr                            cstackCOMRAM 000003
I2C1_SetDataCompleteCallback@cb                 cstackCOMRAM 000006
I2C1_SetDataCompleteCallback@ptr                cstackCOMRAM 000008
TC74read@address                                cstackCOMRAM 000058
TC74read@dato                                   cstackCOMRAM 000059
TC74read@direction                              cstackCOMRAM 000057
_ANSELA                                         (abs)        000F38
_ANSELB                                         (abs)        000F39
_ANSELC                                         (abs)        000F3A
_ANSELD                                         (abs)        000F3B
_ANSELE                                         (abs)        000F3C
_BAUDCON1                                       (abs)        000FB8
_EUSART1_DefaultErrorHandler                    (abs)        000000
_EUSART1_DefaultFramingErrorHandler             (abs)        000000
_EUSART1_DefaultOverrunErrorHandler             (abs)        000000
_EUSART1_ErrorHandler                           nvBANK0      0000A9
_EUSART1_FramingErrorHandler                    nvBANK0      0000AD
_EUSART1_Initialize                             text68       001B04
_EUSART1_OverrunErrorHandler                    nvBANK0      0000AB
_EUSART1_SetErrorHandler                        text71       001EB4
_EUSART1_SetFramingErrorHandler                 text70       001EAA
_EUSART1_SetOverrunErrorHandler                 text69       001EA0
_EUSART1_Write                                  text11       001E60
_I2C1_CallbackReturnReset                       text51       001F24
_I2C1_CallbackReturnStop                        text52       001F28
_I2C1_Close                                     text60       001D48
_I2C1_DO_ADDRESS_NACK                           text24       001A2A
_I2C1_DO_IDLE                                   text38       001E96
_I2C1_DO_RCEN                                   text33       001E8C
_I2C1_DO_RESET                                  text25       001E82
_I2C1_DO_RX                                     text34       0017D8
_I2C1_DO_RX_ACK                                 text28       001ED6
_I2C1_DO_RX_NACK_RESTART                        text26       001EC6
_I2C1_DO_RX_NACK_STOP                           text27       001ECE
_I2C1_DO_SEND_ADR_READ                          text37       001E44
_I2C1_DO_SEND_ADR_WRITE                         text36       001E36
_I2C1_DO_SEND_RESTART                           text30       001EE6
_I2C1_DO_SEND_RESTART_READ                      text32       001EF6
_I2C1_DO_SEND_RESTART_WRITE                     text31       001EEE
_I2C1_DO_SEND_STOP                              text29       001EDE
_I2C1_DO_TX                                     text35       00163E
_I2C1_DO_TX_EMPTY                               text39       0018BE
_I2C1_Initialize                                text67       001E00
_I2C1_MasterClearIrq                            text63       001F40
_I2C1_MasterClose                               text62       001F3C
_I2C1_MasterDisableIrq                          text61       001F38
_I2C1_MasterEnableRestart                       text58       001F30
_I2C1_MasterFsm                                 text23       0019D6
_I2C1_MasterGetRxData                           text44       001F1C
_I2C1_MasterIsNack                              text41       001E6C
_I2C1_MasterOpen                                text18       001DD0
_I2C1_MasterOperation                           text20       001C22
_I2C1_MasterSendAck                             text43       001F0C
_I2C1_MasterSendNack                            text45       001F12
_I2C1_MasterSendTxData                          text42       001EFE
_I2C1_MasterSetIrq                              text40       001F18
_I2C1_MasterStart                               text59       001F34
_I2C1_MasterStartRx                             text46       001F20
_I2C1_MasterStop                                text57       001F2C
_I2C1_MasterWaitForEvent                        text22       001F06
_I2C1_MasterWrite                               text19       001EBE
_I2C1_Open                                      text17       001754
_I2C1_Poller                                    text21       001E26
_I2C1_Read1ByteRegister                         text15       00197A
_I2C1_SetAddressNackCallback                    text16       001DB8
_I2C1_SetBuffer                                 text56       001D9E
_I2C1_SetCallback                               text55       00191C
_I2C1_SetDataCompleteCallback                   text54       001DE8
_I2C1_Status                                    bssBANK0     000060
_INTCON2bits                                    (abs)        000FF1
_LATA                                           (abs)        000F89
_LATB                                           (abs)        000F8A
_LATC                                           (abs)        000F8B
_LATD                                           (abs)        000F8C
_LATE                                           (abs)        000F8D
_OSCCON                                         (abs)        000FD3
_OSCCON2                                        (abs)        000FD2
_OSCILLATOR_Initialize                          text66       001E52
_OSCTUNE                                        (abs)        000F9B
_PIE1bits                                       (abs)        000F9D
_PIN_MANAGER_Initialize                         text65       001B44
_PIR1bits                                       (abs)        000F9E
_RCSTA1                                         (abs)        000FAB
_SPBRG1                                         (abs)        000FAF
_SPBRGH1                                        (abs)        000FB0
_SSP1ADD                                        (abs)        000FC8
_SSP1BUF                                        (abs)        000FC9
_SSP1CON1                                       (abs)        000FC6
_SSP1CON1bits                                   (abs)        000FC6
_SSP1CON2                                       (abs)        000FC5
_SSP1CON2bits                                   (abs)        000FC5
_SSP1STAT                                       (abs)        000FC7
_SYSTEM_Initialize                              text64       001E14
_TC74read                                       text1        001B82
_TRISA                                          (abs)        000F92
_TRISB                                          (abs)        000F93
_TRISC                                          (abs)        000F94
_TRISD                                          (abs)        000F95
_TRISE                                          (abs)        000F96
_TXREG1                                         (abs)        000FAD
_TXSTA1                                         (abs)        000FAC
_WPUB                                           (abs)        000F61
__HRAM                                          (abs)        000000
__Habs1                                         abs1         000000
__Hbank0                                        bank0        000000
__Hbank1                                        bank1        000000
__Hbank10                                       bank10       000000
__Hbank11                                       bank11       000000
__Hbank12                                       bank12       000000
__Hbank13                                       bank13       000000
__Hbank14                                       bank14       000000
__Hbank15                                       bank15       000000
__Hbank2                                        bank2        000000
__Hbank3                                        bank3        000000
__Hbank4                                        bank4        000000
__Hbank5                                        bank5        000000
__Hbank6                                        bank6        000000
__Hbank7                                        bank7        000000
__Hbank8                                        bank8        000000
__Hbank9                                        bank9        000000
__Hbigbss                                       bigbss       000000
__Hbigdata                                      bigdata      000000
__Hbigram                                       bigram       000000
__Hbss                                          bss          000000
__HbssBANK0                                     bssBANK0     000000
__HbssCOMRAM                                    bssCOMRAM    000000
__Hcinit                                        cinit        000000
__Hclrtext                                      clrtext      000000
__Hcomram                                       comram       000000
__Hconfig                                       config       30000E
__Hconst                                        const        000000
__HcstackCOMRAM                                 cstackCOMRAM 000000
__Hdata                                         data         000000
__Heeprom_data                                  eeprom_data  000000
__Hfarbss                                       farbss       000000
__Hfardata                                      fardata      000000
__Hibigdata                                     ibigdata     000000
__Hidata                                        idata        000000
__Hidloc                                        idloc        200008
__Hifardata                                     ifardata     000000
__Hinit                                         init         000004
__Hintcode                                      intcode      000000
__Hintcode_body                                 intcode_body 000000
__Hintcodelo                                    intcodelo    000000
__Hintentry                                     intentry     000000
__Hintret                                       intret       000000
__Hintsave_regs                                 intsave_regs 000000
__Hirdata                                       irdata       000000
__Hmediumconst                                  mediumconst  000000
__HnvBANK0                                      nvBANK0      000000
__HnvFARRAM                                     nvFARRAM     000000
__Hnvbit                                        nvbit        000000
__Hnvrram                                       nvrram       000000
__Hparam                                        rparam       000000
__Hpowerup                                      powerup      000000
__Hram                                          ram          000000
__Hramtop                                       ramtop       001000
__Hrbit                                         rbit         000000
__Hrbss                                         rbss         000000
__Hrdata                                        rdata        000000
__Hreset_vec                                    reset_vec    000000
__Hrparam                                       rparam       000000
__Hsfr                                          sfr          000000
__Hsmallconst                                   smallconst   00104C
__Hspace_0                                      (abs)        001F44
__Hspace_1                                      (abs)        0000AF
__Hspace_2                                      (abs)        000000
__Hspace_4                                      (abs)        60000E
__Hstack                                        stack        000000
__Hstruct                                       struct       000000
__Htemp                                         temp         000000
__Htext                                         text         000000
__Htext0                                        text0        000000
__Htext1                                        text1        000000
__Htext10                                       text10       000000
__Htext11                                       text11       000000
__Htext12                                       text12       000000
__Htext13                                       text13       000000
__Htext14                                       text14       000000
__Htext15                                       text15       000000
__Htext16                                       text16       000000
__Htext17                                       text17       000000
__Htext18                                       text18       000000
__Htext19                                       text19       000000
__Htext2                                        text2        000000
__Htext20                                       text20       000000
__Htext21                                       text21       000000
__Htext22                                       text22       000000
__Htext23                                       text23       000000
__Htext24                                       text24       000000
__Htext25                                       text25       000000
__Htext26                                       text26       000000
__Htext27                                       text27       000000
__Htext28                                       text28       000000
__Htext29                                       text29       000000
__Htext3                                        text3        000000
__Htext30                                       text30       000000
__Htext31                                       text31       000000
__Htext32                                       text32       000000
__Htext33                                       text33       000000
__Htext34                                       text34       000000
__Htext35                                       text35       000000
__Htext36                                       text36       000000
__Htext37                                       text37       000000
__Htext38                                       text38       000000
__Htext39                                       text39       000000
__Htext4                                        text4        000000
__Htext40                                       text40       000000
__Htext41                                       text41       000000
__Htext42                                       text42       000000
__Htext43                                       text43       000000
__Htext44                                       text44       000000
__Htext45                                       text45       000000
__Htext46                                       text46       000000
__Htext47                                       text47       000000
__Htext48                                       text48       000000
__Htext49                                       text49       000000
__Htext5                                        text5        000000
__Htext50                                       text50       000000
__Htext51                                       text51       000000
__Htext52                                       text52       000000
__Htext53                                       text53       000000
__Htext54                                       text54       000000
__Htext55                                       text55       000000
__Htext56                                       text56       000000
__Htext57                                       text57       000000
__Htext58                                       text58       000000
__Htext59                                       text59       000000
__Htext6                                        text6        000000
__Htext60                                       text60       000000
__Htext61                                       text61       000000
__Htext62                                       text62       000000
__Htext63                                       text63       000000
__Htext64                                       text64       000000
__Htext65                                       text65       000000
__Htext66                                       text66       000000
__Htext67                                       text67       000000
__Htext68                                       text68       000000
__Htext69                                       text69       000000
__Htext7                                        text7        000000
__Htext70                                       text70       000000
__Htext71                                       text71       000000
__Htext72                                       text72       000000
__Htext8                                        text8        000000
__Htext9                                        text9        000000
__LRAM                                          (abs)        000001
__Labs1                                         abs1         000000
__Lbank0                                        bank0        000000
__Lbank1                                        bank1        000000
__Lbank10                                       bank10       000000
__Lbank11                                       bank11       000000
__Lbank12                                       bank12       000000
__Lbank13                                       bank13       000000
__Lbank14                                       bank14       000000
__Lbank15                                       bank15       000000
__Lbank2                                        bank2        000000
__Lbank3                                        bank3        000000
__Lbank4                                        bank4        000000
__Lbank5                                        bank5        000000
__Lbank6                                        bank6        000000
__Lbank7                                        bank7        000000
__Lbank8                                        bank8        000000
__Lbank9                                        bank9        000000
__Lbigbss                                       bigbss       000000
__Lbigdata                                      bigdata      000000
__Lbigram                                       bigram       000000
__Lbss                                          bss          000000
__LbssBANK0                                     bssBANK0     000000
__LbssCOMRAM                                    bssCOMRAM    000000
__Lcinit                                        cinit        000000
__Lclrtext                                      clrtext      000000
__Lcomram                                       comram       000000
__Lconfig                                       config       000000
__Lconst                                        const        000000
__LcstackCOMRAM                                 cstackCOMRAM 000000
__Ldata                                         data         000000
__Leeprom_data                                  eeprom_data  000000
__Lfarbss                                       farbss       000000
__Lfardata                                      fardata      000000
__Libigdata                                     ibigdata     000000
__Lidata                                        idata        000000
__Lidloc                                        idloc        000000
__Lifardata                                     ifardata     000000
__Linit                                         init         000000
__Lintcode                                      intcode      000000
__Lintcode_body                                 intcode_body 000000
__Lintcodelo                                    intcodelo    000000
__Lintentry                                     intentry     000000
__Lintret                                       intret       000000
__Lintsave_regs                                 intsave_regs 000000
__Lirdata                                       irdata       000000
__Lmediumconst                                  mediumconst  000000
__LnvBANK0                                      nvBANK0      000000
__LnvFARRAM                                     nvFARRAM     000000
__Lnvbit                                        nvbit        000000
__Lnvrram                                       nvrram       000000
__Lparam                                        rparam       000000
__Lpowerup                                      powerup      000000
__Lram                                          ram          000000
__Lramtop                                       ramtop       001000
__Lrbit                                         rbit         000000
__Lrbss                                         rbss         000000
__Lrdata                                        rdata        000000
__Lreset_vec                                    reset_vec    000000
__Lrparam                                       rparam       000000
__Lsfr                                          sfr          000000
__Lsmallconst                                   smallconst   001000
__Lspace_0                                      (abs)        000000
__Lspace_1                                      (abs)        000000
__Lspace_2                                      (abs)        000000
__Lspace_4                                      (abs)        000000
__Lstack                                        stack        000000
__Lstruct                                       struct       000000
__Ltemp                                         temp         000000
__Ltext                                         text         000000
__Ltext0                                        text0        000000
__Ltext1                                        text1        000000
__Ltext10                                       text10       000000
__Ltext11                                       text11       000000
__Ltext12                                       text12       000000
__Ltext13                                       text13       000000
__Ltext14                                       text14       000000
__Ltext15                                       text15       000000
__Ltext16                                       text16       000000
__Ltext17                                       text17       000000
__Ltext18                                       text18       000000
__Ltext19                                       text19       000000
__Ltext2                                        text2        000000
__Ltext20                                       text20       000000
__Ltext21                                       text21       000000
__Ltext22                                       text22       000000
__Ltext23                                       text23       000000
__Ltext24                                       text24       000000
__Ltext25                                       text25       000000
__Ltext26                                       text26       000000
__Ltext27                                       text27       000000
__Ltext28                                       text28       000000
__Ltext29                                       text29       000000
__Ltext3                                        text3        000000
__Ltext30                                       text30       000000
__Ltext31                                       text31       000000
__Ltext32                                       text32       000000
__Ltext33                                       text33       000000
__Ltext34                                       text34       000000
__Ltext35                                       text35       000000
__Ltext36                                       text36       000000
__Ltext37                                       text37       000000
__Ltext38                                       text38       000000
__Ltext39                                       text39       000000
__Ltext4                                        text4        000000
__Ltext40                                       text40       000000
__Ltext41                                       text41       000000
__Ltext42                                       text42       000000
__Ltext43                                       text43       000000
__Ltext44                                       text44       000000
__Ltext45                                       text45       000000
__Ltext46                                       text46       000000
__Ltext47                                       text47       000000
__Ltext48                                       text48       000000
__Ltext49                                       text49       000000
__Ltext5                                        text5        000000
__Ltext50                                       text50       000000
__Ltext51                                       text51       000000
__Ltext52                                       text52       000000
__Ltext53                                       text53       000000
__Ltext54                                       text54       000000
__Ltext55                                       text55       000000
__Ltext56                                       text56       000000
__Ltext57                                       text57       000000
__Ltext58                                       text58       000000
__Ltext59                                       text59       000000
__Ltext6                                        text6        000000
__Ltext60                                       text60       000000
__Ltext61                                       text61       000000
__Ltext62                                       text62       000000
__Ltext63                                       text63       000000
__Ltext64                                       text64       000000
__Ltext65                                       text65       000000
__Ltext66                                       text66       000000
__Ltext67                                       text67       000000
__Ltext68                                       text68       000000
__Ltext69                                       text69       000000
__Ltext7                                        text7        000000
__Ltext70                                       text70       000000
__Ltext71                                       text71       000000
__Ltext72                                       text72       000000
__Ltext8                                        text8        000000
__Ltext9                                        text9        000000
__S0                                            (abs)        001F44
__S1                                            (abs)        0000AF
__S2                                            (abs)        000000
__S4                                            (abs)        000000
__S5                                            (abs)        000000
___aodiv                                        text14       0013D2
___aodiv@counter                                cstackCOMRAM 000011
___aodiv@dividend                               cstackCOMRAM 000001
___aodiv@divisor                                cstackCOMRAM 000009
___aodiv@quotient                               cstackCOMRAM 000013
___aodiv@sign                                   cstackCOMRAM 000012
___aomod                                        text13       00151A
___aomod@counter                                cstackCOMRAM 000011
___aomod@dividend                               cstackCOMRAM 000001
___aomod@divisor                                cstackCOMRAM 000009
___aomod@sign                                   cstackCOMRAM 000012
___inthi_sp                                     stack        000000
___intlo_sp                                     stack        000000
___param_bank                                   (abs)        000000
___rparam_used                                  (abs)        000001
___sp                                           stack        000000
__accesstop                                     (abs)        000060
__activetblptr                                  (abs)        000003
__end_of_EUSART1_Initialize                     text68       001B44
__end_of_EUSART1_SetErrorHandler                text71       001EBE
__end_of_EUSART1_SetFramingErrorHandler         text70       001EB4
__end_of_EUSART1_SetOverrunErrorHandler         text69       001EAA
__end_of_EUSART1_Write                          text11       001E6C
__end_of_I2C1_CallbackReturnReset               text51       001F28
__end_of_I2C1_CallbackReturnStop                text52       001F2C
__end_of_I2C1_Close                             text60       001D6A
__end_of_I2C1_DO_ADDRESS_NACK                   text24       001A78
__end_of_I2C1_DO_IDLE                           text38       001EA0
__end_of_I2C1_DO_RCEN                           text33       001E96
__end_of_I2C1_DO_RESET                          text25       001E8C
__end_of_I2C1_DO_RX                             text34       001852
__end_of_I2C1_DO_RX_ACK                         text28       001EDE
__end_of_I2C1_DO_RX_NACK_RESTART                text26       001ECE
__end_of_I2C1_DO_RX_NACK_STOP                   text27       001ED6
__end_of_I2C1_DO_SEND_ADR_READ                  text37       001E52
__end_of_I2C1_DO_SEND_ADR_WRITE                 text36       001E44
__end_of_I2C1_DO_SEND_RESTART                   text30       001EEE
__end_of_I2C1_DO_SEND_RESTART_READ              text32       001EFE
__end_of_I2C1_DO_SEND_RESTART_WRITE             text31       001EF6
__end_of_I2C1_DO_SEND_STOP                      text29       001EE6
__end_of_I2C1_DO_TX                             text35       0016CA
__end_of_I2C1_DO_TX_EMPTY                       text39       00191C
__end_of_I2C1_Initialize                        text67       001E14
__end_of_I2C1_MasterClearIrq                    text63       001F44
__end_of_I2C1_MasterClose                       text62       001F40
__end_of_I2C1_MasterDisableIrq                  text61       001F3C
__end_of_I2C1_MasterEnableRestart               text58       001F34
__end_of_I2C1_MasterFsm                         text23       001A2A
__end_of_I2C1_MasterGetRxData                   text44       001F20
__end_of_I2C1_MasterIsNack                      text41       001E78
__end_of_I2C1_MasterOpen                        text18       001DE8
__end_of_I2C1_MasterOperation                   text20       001C4E
__end_of_I2C1_MasterSendAck                     text43       001F12
__end_of_I2C1_MasterSendNack                    text45       001F18
__end_of_I2C1_MasterSendTxData                  text42       001F06
__end_of_I2C1_MasterSetIrq                      text40       001F1C
__end_of_I2C1_MasterStart                       text59       001F38
__end_of_I2C1_MasterStartRx                     text46       001F24
__end_of_I2C1_MasterStop                        text57       001F30
__end_of_I2C1_MasterWaitForEvent                text22       001F0C
__end_of_I2C1_MasterWrite                       text19       001EC6
__end_of_I2C1_Open                              text17       0017D8
__end_of_I2C1_Poller                            text21       001E36
__end_of_I2C1_Read1ByteRegister                 text15       0019D6
__end_of_I2C1_SetAddressNackCallback            text16       001DD0
__end_of_I2C1_SetBuffer                         text56       001DB8
__end_of_I2C1_SetCallback                       text55       00197A
__end_of_I2C1_SetDataCompleteCallback           text54       001E00
__end_of_OSCILLATOR_Initialize                  text66       001E60
__end_of_PIN_MANAGER_Initialize                 text65       001B82
__end_of_SYSTEM_Initialize                      text64       001E26
__end_of_TC74read                               text1        001BBC
__end_of___aodiv                                text14       00151A
__end_of___aomod                                text13       00163E
__end_of__initialization                        cinit        001D7E
__end_of_abs                                    text12       001C22
__end_of_dtoa                                   text5        00127E
__end_of_fputc                                  text9        0018BE
__end_of_fputs                                  text8        001BF0
__end_of_i2c1_fsmStateTable                     smallconst   001021
__end_of_main                                   text0        001D26
__end_of_pad                                    text6        001754
__end_of_printf                                 text2        001D9E
__end_of_putch                                  text10       001E82
__end_of_rd1RegCompleteHandler                  text50       001CD2
__end_of_rd2RegCompleteHandler                  text49       001CA6
__end_of_rdBlkRegCompleteHandler                text47       001B04
__end_of_strlen                                 text7        001D48
__end_of_vfpfcnvrt                              text4        0013D2
__end_of_vfprintf                               text3        001AC4
__end_of_wr1RegCompleteHandler                  text48       001C7A
__end_of_wr2RegCompleteHandler                  text53       001CFE
__initialization                                cinit        001D6A
__mediumconst                                   mediumconst  000000
__pbssBANK0                                     bssBANK0     000060
__pbssCOMRAM                                    bssCOMRAM    00005C
__pcinit                                        cinit        001D6A
__pcstackCOMRAM                                 cstackCOMRAM 000001
__pnvBANK0                                      nvBANK0      0000A9
__psmallconst                                   smallconst   001000
__ptext0                                        text0        001CFE
__ptext1                                        text1        001B82
__ptext10                                       text10       001E78
__ptext11                                       text11       001E60
__ptext12                                       text12       001BF0
__ptext13                                       text13       00151A
__ptext14                                       text14       0013D2
__ptext15                                       text15       00197A
__ptext16                                       text16       001DB8
__ptext17                                       text17       001754
__ptext18                                       text18       001DD0
__ptext19                                       text19       001EBE
__ptext2                                        text2        001D84
__ptext20                                       text20       001C22
__ptext21                                       text21       001E26
__ptext22                                       text22       001F06
__ptext23                                       text23       0019D6
__ptext24                                       text24       001A2A
__ptext25                                       text25       001E82
__ptext26                                       text26       001EC6
__ptext27                                       text27       001ECE
__ptext28                                       text28       001ED6
__ptext29                                       text29       001EDE
__ptext3                                        text3        001A78
__ptext30                                       text30       001EE6
__ptext31                                       text31       001EEE
__ptext32                                       text32       001EF6
__ptext33                                       text33       001E8C
__ptext34                                       text34       0017D8
__ptext35                                       text35       00163E
__ptext36                                       text36       001E36
__ptext37                                       text37       001E44
__ptext38                                       text38       001E96
__ptext39                                       text39       0018BE
__ptext4                                        text4        00127E
__ptext40                                       text40       001F18
__ptext41                                       text41       001E6C
__ptext42                                       text42       001EFE
__ptext43                                       text43       001F0C
__ptext44                                       text44       001F1C
__ptext45                                       text45       001F12
__ptext46                                       text46       001F20
__ptext47                                       text47       001AC4
__ptext48                                       text48       001C4E
__ptext49                                       text49       001C7A
__ptext5                                        text5        00104C
__ptext50                                       text50       001CA6
__ptext51                                       text51       001F24
__ptext52                                       text52       001F28
__ptext53                                       text53       001CD2
__ptext54                                       text54       001DE8
__ptext55                                       text55       00191C
__ptext56                                       text56       001D9E
__ptext57                                       text57       001F2C
__ptext58                                       text58       001F30
__ptext59                                       text59       001F34
__ptext6                                        text6        0016CA
__ptext60                                       text60       001D48
__ptext61                                       text61       001F38
__ptext62                                       text62       001F3C
__ptext63                                       text63       001F40
__ptext64                                       text64       001E14
__ptext65                                       text65       001B44
__ptext66                                       text66       001E52
__ptext67                                       text67       001E00
__ptext68                                       text68       001B04
__ptext69                                       text69       001EA0
__ptext7                                        text7        001D26
__ptext70                                       text70       001EAA
__ptext71                                       text71       001EB4
__ptext72                                       text72       000000
__ptext8                                        text8        001BBC
__ptext9                                        text9        001852
__ramtop                                        ramtop       001000
__size_of_EUSART1_Initialize                    (abs)        000000
__size_of_EUSART1_SetErrorHandler               (abs)        000000
__size_of_EUSART1_SetFramingErrorHandler        (abs)        000000
__size_of_EUSART1_SetOverrunErrorHandler        (abs)        000000
__size_of_EUSART1_Write                         (abs)        000000
__size_of_I2C1_CallbackReturnReset              (abs)        000000
__size_of_I2C1_CallbackReturnStop               (abs)        000000
__size_of_I2C1_Close                            (abs)        000000
__size_of_I2C1_DO_ADDRESS_NACK                  (abs)        000000
__size_of_I2C1_DO_IDLE                          (abs)        000000
__size_of_I2C1_DO_RCEN                          (abs)        000000
__size_of_I2C1_DO_RESET                         (abs)        000000
__size_of_I2C1_DO_RX                            (abs)        000000
__size_of_I2C1_DO_RX_ACK                        (abs)        000000
__size_of_I2C1_DO_RX_NACK_RESTART               (abs)        000000
__size_of_I2C1_DO_RX_NACK_STOP                  (abs)        000000
__size_of_I2C1_DO_SEND_ADR_READ                 (abs)        000000
__size_of_I2C1_DO_SEND_ADR_WRITE                (abs)        000000
__size_of_I2C1_DO_SEND_RESTART                  (abs)        000000
__size_of_I2C1_DO_SEND_RESTART_READ             (abs)        000000
__size_of_I2C1_DO_SEND_RESTART_WRITE            (abs)        000000
__size_of_I2C1_DO_SEND_STOP                     (abs)        000000
__size_of_I2C1_DO_TX                            (abs)        000000
__size_of_I2C1_DO_TX_EMPTY                      (abs)        000000
__size_of_I2C1_Initialize                       (abs)        000000
__size_of_I2C1_MasterClearIrq                   (abs)        000000
__size_of_I2C1_MasterClose                      (abs)        000000
__size_of_I2C1_MasterDisableIrq                 (abs)        000000
__size_of_I2C1_MasterEnableRestart              (abs)        000000
__size_of_I2C1_MasterFsm                        (abs)        000000
__size_of_I2C1_MasterGetRxData                  (abs)        000000
__size_of_I2C1_MasterIsNack                     (abs)        000000
__size_of_I2C1_MasterOpen                       (abs)        000000
__size_of_I2C1_MasterOperation                  (abs)        000000
__size_of_I2C1_MasterSendAck                    (abs)        000000
__size_of_I2C1_MasterSendNack                   (abs)        000000
__size_of_I2C1_MasterSendTxData                 (abs)        000000
__size_of_I2C1_MasterSetIrq                     (abs)        000000
__size_of_I2C1_MasterStart                      (abs)        000000
__size_of_I2C1_MasterStartRx                    (abs)        000000
__size_of_I2C1_MasterStop                       (abs)        000000
__size_of_I2C1_MasterWaitForEvent               (abs)        000000
__size_of_I2C1_MasterWrite                      (abs)        000000
__size_of_I2C1_Open                             (abs)        000000
__size_of_I2C1_Poller                           (abs)        000000
__size_of_I2C1_Read1ByteRegister                (abs)        000000
__size_of_I2C1_SetAddressNackCallback           (abs)        000000
__size_of_I2C1_SetBuffer                        (abs)        000000
__size_of_I2C1_SetCallback                      (abs)        000000
__size_of_I2C1_SetDataCompleteCallback          (abs)        000000
__size_of_OSCILLATOR_Initialize                 (abs)        000000
__size_of_PIN_MANAGER_Initialize                (abs)        000000
__size_of_SYSTEM_Initialize                     (abs)        000000
__size_of_TC74read                              (abs)        000000
__size_of___aodiv                               (abs)        000000
__size_of___aomod                               (abs)        000000
__size_of_abs                                   (abs)        000000
__size_of_dtoa                                  (abs)        000000
__size_of_fputc                                 (abs)        000000
__size_of_fputs                                 (abs)        000000
__size_of_main                                  (abs)        000000
__size_of_pad                                   (abs)        000000
__size_of_printf                                (abs)        000000
__size_of_putch                                 (abs)        000000
__size_of_rd1RegCompleteHandler                 (abs)        000000
__size_of_rd2RegCompleteHandler                 (abs)        000000
__size_of_rdBlkRegCompleteHandler               (abs)        000000
__size_of_strlen                                (abs)        000000
__size_of_vfpfcnvrt                             (abs)        000000
__size_of_vfprintf                              (abs)        000000
__size_of_wr1RegCompleteHandler                 (abs)        000000
__size_of_wr2RegCompleteHandler                 (abs)        000000
__smallconst                                    smallconst   001000
_abs                                            text12       001BF0
_dbuf                                           bssBANK0     000089
_dtoa                                           text5        00104C
_dtoa$1889                                      cstackCOMRAM 00002E
_eusart1RxLastError                             bssBANK0     000088
_flags                                          bssCOMRAM    00005E
_fputc                                          text9        001852
_fputs                                          text8        001BBC
_i2c1_fsmStateTable                             smallconst   001001
_main                                           text0        001CFE
_nout                                           bssBANK0     000084
_pad                                            text6        0016CA
_prec                                           bssCOMRAM    00005C
_printf                                         text2        001D84
_putch                                          text10       001E78
_rd1RegCompleteHandler                          text50       001CA6
_rd2RegCompleteHandler                          text49       001C7A
_rdBlkRegCompleteHandler                        text47       001AC4
_strlen                                         text7        001D26
_vfpfcnvrt                                      text4        00127E
_vfprintf                                       text3        001A78
_width                                          bssBANK0     000086
_wr1RegCompleteHandler                          text48       001C4E
_wr2RegCompleteHandler                          text53       001CD2
abs@a                                           cstackCOMRAM 000013
dtoa@d                                          cstackCOMRAM 00001E
dtoa@fp                                         cstackCOMRAM 00001C
dtoa@i                                          cstackCOMRAM 00003E
dtoa@n                                          cstackCOMRAM 000036
dtoa@p                                          cstackCOMRAM 000030
dtoa@s                                          cstackCOMRAM 000034
dtoa@w                                          cstackCOMRAM 000032
end_of_initialization                           cinit        001D7E
fputc@c                                         cstackCOMRAM 000003
fputc@fp                                        cstackCOMRAM 000005
fputs@c                                         cstackCOMRAM 00000F
fputs@fp                                        cstackCOMRAM 00000D
fputs@i                                         cstackCOMRAM 000010
fputs@s                                         cstackCOMRAM 00000C
intlevel0                                       text         000000
intlevel1                                       text         000000
intlevel2                                       text         000000
intlevel3                                       text         000000
pad@buf                                         cstackCOMRAM 000014
pad@fp                                          cstackCOMRAM 000012
pad@i                                           cstackCOMRAM 000018
pad@p                                           cstackCOMRAM 000015
pad@w                                           cstackCOMRAM 00001A
printf@ap                                       cstackCOMRAM 000056
printf@fmt                                      cstackCOMRAM 000051
putch@txData                                    cstackCOMRAM 000002
rd1RegCompleteHandler@ptr                       cstackCOMRAM 00000A
rd2RegCompleteHandler@ptr                       cstackCOMRAM 00000A
rdBlkRegCompleteHandler@ptr                     cstackCOMRAM 00000A
stackhi                                         (abs)        000F37
stacklo                                         (abs)        0000AF
start                                           init         000000
start_initialization                            cinit        001D6A
strlen@a                                        cstackCOMRAM 000003
strlen@s                                        cstackCOMRAM 000001
vfpfcnvrt@ap                                    cstackCOMRAM 000043
vfpfcnvrt@fmt                                   cstackCOMRAM 000042
vfpfcnvrt@fp                                    cstackCOMRAM 000040
vfpfcnvrt@ll                                    cstackCOMRAM 000044
vfprintf@ap                                     cstackCOMRAM 00004F
vfprintf@cfmt                                   cstackCOMRAM 000050
vfprintf@fmt                                    cstackCOMRAM 00004E
vfprintf@fp                                     cstackCOMRAM 00004C
wr1RegCompleteHandler@ptr                       cstackCOMRAM 00000A
wr2RegCompleteHandler@ptr                       cstackCOMRAM 00000A


FUNCTION INFORMATION:

 *************** function _main *****************
 Defined at:
		line 51 in file "main.c"
 Parameters:    Size  Location     Type
		None
 Auto vars:     Size  Location     Type
		None
 Return value:  Size  Location     Type
                  1    wreg      void 
 Registers used:
		wreg, fsr1l, fsr1h, fsr2l, fsr2h, status,2, status,0, pclath, tosl, tblptrl, tblptrh, tblptru, prodl, prodh, cstack
 Tracked objects:
		On entry : 
		On exit  : 
		Unchanged: 
 Data sizes:     COMRAM   BANK0   BANK1   BANK2   BANK3   BANK4   BANK5   BANK6   BANK7   BANK8   BANK9  BANK10  BANK11  BANK12  BANK13  BANK14  BANK15
      Params:         0       0       0       0       0       0       0       0       0       0       0       0       0       0       0       0       0
      Locals:         0       0       0       0       0       0       0       0       0       0       0       0       0       0       0       0       0
      Temps:          2       0       0       0       0       0       0       0       0       0       0       0       0       0       0       0       0
      Totals:         2       0       0       0       0       0       0       0       0       0       0       0       0       0       0       0       0
Total ram usage:        2 bytes
 Hardware stack levels required when called:   10
 This function calls:
		_SYSTEM_Initialize
		_TC74read
 This function is called by:
		Startup code after reset
 This function uses a non-reentrant model


 *************** function _TC74read *****************
 Defined at:
		line 80 in file "main.c"
 Parameters:    Size  Location     Type
  address         1    wreg     unsigned char 
  direction       1   86[COMRAM] unsigned char 
 Auto vars:     Size  Location     Type
  address         1   87[COMRAM] unsigned char 
  dato            1   88[COMRAM] unsigned char 
 Return value:  Size  Location     Type
                  1    wreg      void 
 Registers used:
		wreg, fsr1l, fsr1h, fsr2l, fsr2h, status,2, status,0, pclath, tosl, tblptrl, tblptrh, tblptru, prodl, prodh, cstack
 Tracked objects:
		On entry : 
		On exit  : 
		Unchanged: 
 Data sizes:     COMRAM   BANK0   BANK1   BANK2   BANK3   BANK4   BANK5   BANK6   BANK7   BANK8   BANK9  BANK10  BANK11  BANK12  BANK13  BANK14  BANK15
      Params:         1       0       0       0       0       0       0       0       0       0       0       0       0       0       0       0       0
      Locals:         2       0       0       0       0       0       0       0       0       0       0       0       0       0       0       0       0
      Temps:          0       0       0       0       0       0       0       0       0       0       0       0       0       0       0       0       0
      Totals:         3       0       0       0       0       0       0       0       0       0       0       0       0       0       0       0       0
Total ram usage:        3 bytes
 Hardware stack levels used:    1
 Hardware stack levels required when called:    9
 This function calls:
		_I2C1_Read1ByteRegister
		_printf
 This function is called by:
		_main
 This function uses a non-reentrant model


 *************** function _printf *****************
 Defined at:
		line 5 in file "C:\Program Files\Microchip\xc8\v2.31\pic\sources\c99\common\printf.c"
 Parameters:    Size  Location     Type
  fmt             1   80[COMRAM] PTR const unsigned char 
		 -> STR_2(20), STR_1(21), 
 Auto vars:     Size  Location     Type
  ret             2    0        int 
  ap              1   85[COMRAM] PTR void [1]
		 -> ?_printf(2), 
 Return value:  Size  Location     Type
                  2   80[COMRAM] int 
 Registers used:
		wreg, fsr1l, fsr1h, fsr2l, fsr2h, status,2, status,0, tblptrl, tblptrh, tblptru, cstack
 Tracked objects:
		On entry : 
		On exit  : 
		Unchanged: 
 Data sizes:     COMRAM   BANK0   BANK1   BANK2   BANK3   BANK4   BANK5   BANK6   BANK7   BANK8   BANK9  BANK10  BANK11  BANK12  BANK13  BANK14  BANK15
      Params:         3       0       0       0       0       0       0       0       0       0       0       0       0       0       0       0       0
      Locals:         3       0       0       0       0       0       0       0       0       0       0       0       0       0       0       0       0
      Temps:          0       0       0       0       0       0       0       0       0       0       0       0       0       0       0       0       0
      Totals:         6       0       0       0       0       0       0       0       0       0       0       0       0       0       0       0       0
Total ram usage:        6 bytes
 Hardware stack levels used:    1
 Hardware stack levels required when called:    8
 This function calls:
		_vfprintf
 This function is called by:
		_TC74read
 This function uses a non-reentrant model


 *************** function _vfprintf *****************
 Defined at:
		line 1390 in file "C:\Program Files\Microchip\xc8\v2.31\pic\sources\c99\common\doprnt.c"
 Parameters:    Size  Location     Type
  fp              2   75[COMRAM] PTR struct _IO_FILE
		 -> NULL(0), 
  fmt             1   77[COMRAM] PTR const unsigned char 
		 -> STR_2(20), STR_1(21), 
  ap              1   78[COMRAM] PTR PTR void 
		 -> printf@ap(1), 
 Auto vars:     Size  Location     Type
  cfmt            1   79[COMRAM] PTR unsigned char 
		 -> STR_2(20), STR_1(21), 
 Return value:  Size  Location     Type
                  2   75[COMRAM] int 
 Registers used:
		wreg, fsr1l, fsr1h, fsr2l, fsr2h, status,2, status,0, tblptrl, tblptrh, tblptru, cstack
 Tracked objects:
		On entry : 
		On exit  : 
		Unchanged: 
 Data sizes:     COMRAM   BANK0   BANK1   BANK2   BANK3   BANK4   BANK5   BANK6   BANK7   BANK8   BANK9  BANK10  BANK11  BANK12  BANK13  BANK14  BANK15
      Params:         4       0       0       0       0       0       0       0       0       0       0       0       0       0       0       0       0
      Locals:         1       0       0       0       0       0       0       0       0       0       0       0       0       0       0       0       0
      Temps:          0       0       0       0       0       0       0       0       0       0       0       0       0       0       0       0       0
      Totals:         5       0       0       0       0       0       0       0       0       0       0       0       0       0       0       0       0
Total ram usage:        5 bytes
 Hardware stack levels used:    1
 Hardware stack levels required when called:    7
 This function calls:
		_vfpfcnvrt
 This function is called by:
		_printf
 This function uses a non-reentrant model


 *************** function _vfpfcnvrt *****************
 Defined at:
		line 692 in file "C:\Program Files\Microchip\xc8\v2.31\pic\sources\c99\common\doprnt.c"
 Parameters:    Size  Location     Type
  fp              2   63[COMRAM] PTR struct _IO_FILE
		 -> NULL(0), 
  fmt             1   65[COMRAM] PTR PTR unsigned char 
		 -> vfprintf@cfmt(1), 
  ap              1   66[COMRAM] PTR PTR void 
		 -> printf@ap(1), 
 Auto vars:     Size  Location     Type
  ll              8   67[COMRAM] long long 
  llu             8    0        unsigned long long 
  f               4    0        unsigned long long 
  vp              3    0        PTR void 
  ct              3    0        unsigned char [3]
  cp              3    0        PTR unsigned char 
  i               2    0        int 
  done            2    0        int 
  c               1    0        unsigned char 
 Return value:  Size  Location     Type
                  2   63[COMRAM] int 
 Registers used:
		wreg, fsr1l, fsr1h, fsr2l, fsr2h, status,2, status,0, tblptrl, tblptrh, tblptru, cstack
 Tracked objects:
		On entry : 
		On exit  : 
		Unchanged: 
 Data sizes:     COMRAM   BANK0   BANK1   BANK2   BANK3   BANK4   BANK5   BANK6   BANK7   BANK8   BANK9  BANK10  BANK11  BANK12  BANK13  BANK14  BANK15
      Params:         4       0       0       0       0       0       0       0       0       0       0       0       0       0       0       0       0
      Locals:         8       0       0       0       0       0       0       0       0       0       0       0       0       0       0       0       0
      Temps:          0       0       0       0       0       0       0       0       0       0       0       0       0       0       0       0       0
      Totals:        12       0       0       0       0       0       0       0       0       0       0       0       0       0       0       0       0
Total ram usage:       12 bytes
 Hardware stack levels used:    1
 Hardware stack levels required when called:    6
 This function calls:
		_dtoa
		_fputc
 This function is called by:
		_vfprintf
 This function uses a non-reentrant model


 *************** function _dtoa *****************
 Defined at:
		line 287 in file "C:\Program Files\Microchip\xc8\v2.31\pic\sources\c99\common\doprnt.c"
 Parameters:    Size  Location     Type
  fp              2   27[COMRAM] PTR struct _IO_FILE
		 -> NULL(0), 
  d               8   29[COMRAM] long long 
[...]
                  1    wreg      void 
 Registers used:
		None
 Tracked objects:
		On entry : 
		On exit  : 
		Unchanged: 
 Data sizes:     COMRAM   BANK0   BANK1   BANK2   BANK3   BANK4   BANK5   BANK6   BANK7   BANK8   BANK9  BANK10  BANK11  BANK12  BANK13  BANK14  BANK15
      Params:         0       0       0       0       0       0       0       0       0       0       0       0       0       0       0       0       0
      Locals:         0       0       0       0       0       0       0       0       0       0       0       0       0       0       0       0       0
      Temps:          0       0       0       0       0       0       0       0       0       0       0       0       0       0       0       0       0
      Totals:         0       0       0       0       0       0       0       0       0       0       0       0       0       0       0       0       0
Total ram usage:        0 bytes
 Hardware stack levels used:    1
 This function calls:
		Nothing
 This function is called by:
		_I2C1_Close
 This function uses a non-reentrant model


 *************** function _I2C1_MasterClearIrq *****************
 Defined at:
		line 640 in file "mcc_generated_files/i2c1_master.c"
 Parameters:    Size  Location     Type
		None
 Auto vars:     Size  Location     Type
		None
 Return value:  Size  Location     Type
                  1    wreg      void 
 Registers used:
		None
 Tracked objects:
		On entry : 
		On exit  : 
		Unchanged: 
 Data sizes:     COMRAM   BANK0   BANK1   BANK2   BANK3   BANK4   BANK5   BANK6   BANK7   BANK8   BANK9  BANK10  BANK11  BANK12  BANK13  BANK14  BANK15
      Params:         0       0       0       0       0       0       0       0       0       0       0       0       0       0       0       0       0
      Locals:         0       0       0       0       0       0       0       0       0       0       0       0       0       0       0       0       0
      Temps:          0       0       0       0       0       0       0       0       0       0       0       0       0       0       0       0       0
      Totals:         0       0       0       0       0       0       0       0       0       0       0       0       0       0       0       0       0
Total ram usage:        0 bytes
 Hardware stack levels used:    1
 This function calls:
		Nothing
 This function is called by:
		_I2C1_Open
		_I2C1_Close
		_I2C1_MasterFsm
 This function uses a non-reentrant model


 *************** function _SYSTEM_Initialize *****************
 Defined at:
		line 50 in file "mcc_generated_files/mcc.c"
 Parameters:    Size  Location     Type
		None
 Auto vars:     Size  Location     Type
		None
 Return value:  Size  Location     Type
                  1    wreg      void 
 Registers used:
		wreg, status,2, status,0, cstack
 Tracked objects:
		On entry : 
		On exit  : 
		Unchanged: 
 Data sizes:     COMRAM   BANK0   BANK1   BANK2   BANK3   BANK4   BANK5   BANK6   BANK7   BANK8   BANK9  BANK10  BANK11  BANK12  BANK13  BANK14  BANK15
      Params:         0       0       0       0       0       0       0       0       0       0       0       0       0       0       0       0       0
      Locals:         0       0       0       0       0       0       0       0       0       0       0       0       0       0       0       0       0
      Temps:          0       0       0       0       0       0       0       0       0       0       0       0       0       0       0       0       0
      Totals:         0       0       0       0       0       0       0       0       0       0       0       0       0       0       0       0       0
Total ram usage:        0 bytes
 Hardware stack levels used:    1
 Hardware stack levels required when called:    2
 This function calls:
		_EUSART1_Initialize
		_I2C1_Initialize
		_OSCILLATOR_Initialize
		_PIN_MANAGER_Initialize
 This function is called by:
		_main
 This function uses a non-reentrant model


 *************** function _PIN_MANAGER_Initialize *****************
 Defined at:
		line 55 in file "mcc_generated_files/pin_manager.c"
 Parameters:    Size  Location     Type
		None
 Auto vars:     Size  Location     Type
		None
 Return value:  Size  Location     Type
                  1    wreg      void 
 Registers used:
		wreg, status,2
 Tracked objects:
		On entry : 
		On exit  : 
		Unchanged: 
 Data sizes:     COMRAM   BANK0   BANK1   BANK2   BANK3   BANK4   BANK5   BANK6   BANK7   BANK8   BANK9  BANK10  BANK11  BANK12  BANK13  BANK14  BANK15
      Params:         0       0       0       0       0       0       0       0       0       0       0       0       0       0       0       0       0
      Locals:         0       0       0       0       0       0       0       0       0       0       0       0       0       0       0       0       0
      Temps:          0       0       0       0       0       0       0       0       0       0       0       0       0       0       0       0       0
      Totals:         0       0       0       0       0       0       0       0       0       0       0       0       0       0       0       0       0
Total ram usage:        0 bytes
 Hardware stack levels used:    1
 This function calls:
		Nothing
 This function is called by:
		_SYSTEM_Initialize
 This function uses a non-reentrant model


 *************** function _OSCILLATOR_Initialize *****************
 Defined at:
		line 59 in file "mcc_generated_files/mcc.c"
 Parameters:    Size  Location     Type
		None
 Auto vars:     Size  Location     Type
		None
 Return value:  Size  Location     Type
                  1    wreg      void 
 Registers used:
		wreg, status,2
 Tracked objects:
		On entry : 
		On exit  : 
		Unchanged: 
 Data sizes:     COMRAM   BANK0   BANK1   BANK2   BANK3   BANK4   BANK5   BANK6   BANK7   BANK8   BANK9  BANK10  BANK11  BANK12  BANK13  BANK14  BANK15
      Params:         0       0       0       0       0       0       0       0       0       0       0       0       0       0       0       0       0
      Locals:         0       0       0       0       0       0       0       0       0       0       0       0       0       0       0       0       0
      Temps:          0       0       0       0       0       0       0       0       0       0       0       0       0       0       0       0       0
      Totals:         0       0       0       0       0       0       0       0       0       0       0       0       0       0       0       0       0
Total ram usage:        0 bytes
 Hardware stack levels used:    1
 This function calls:
		Nothing
 This function is called by:
		_SYSTEM_Initialize
 This function uses a non-reentrant model


 *************** function _I2C1_Initialize *****************
 Defined at:
		line 167 in file "mcc_generated_files/i2c1_master.c"
 Parameters:    Size  Location     Type
		None
 Auto vars:     Size  Location     Type
		None
 Return value:  Size  Location     Type
                  1    wreg      void 
 Registers used:
		wreg, status,2
 Tracked objects:
		On entry : 
		On exit  : 
		Unchanged: 
 Data sizes:     COMRAM   BANK0   BANK1   BANK2   BANK3   BANK4   BANK5   BANK6   BANK7   BANK8   BANK9  BANK10  BANK11  BANK12  BANK13  BANK14  BANK15
      Params:         0       0       0       0       0       0       0       0       0       0       0       0       0       0       0       0       0
      Locals:         0       0       0       0       0       0       0       0       0       0       0       0       0       0       0       0       0
      Temps:          0       0       0       0       0       0       0       0       0       0       0       0       0       0       0       0       0
      Totals:         0       0       0       0       0       0       0       0       0       0       0       0       0       0       0       0       0
Total ram usage:        0 bytes
 Hardware stack levels used:    1
 This function calls:
		Nothing
 This function is called by:
		_SYSTEM_Initialize
 This function uses a non-reentrant model


 *************** function _EUSART1_Initialize *****************
 Defined at:
		line 66 in file "mcc_generated_files/eusart1.c"
 Parameters:    Size  Location     Type
		None
 Auto vars:     Size  Location     Type
		None
 Return value:  Size  Location     Type
                  1    wreg      void 
 Registers used:
		wreg, status,2, status,0, cstack
 Tracked objects:
		On entry : 
		On exit  : 
		Unchanged: 
 Data sizes:     COMRAM   BANK0   BANK1   BANK2   BANK3   BANK4   BANK5   BANK6   BANK7   BANK8   BANK9  BANK10  BANK11  BANK12  BANK13  BANK14  BANK15
      Params:         0       0       0       0       0       0       0       0       0       0       0       0       0       0       0       0       0
      Locals:         0       0       0       0       0       0       0       0       0       0       0       0       0       0       0       0       0
      Temps:          0       0       0       0       0       0       0       0       0       0       0       0       0       0       0       0       0
      Totals:         0       0       0       0       0       0       0       0       0       0       0       0       0       0       0       0       0
Total ram usage:        0 bytes
 Hardware stack levels used:    1
 Hardware stack levels required when called:    1
 This function calls:
		_EUSART1_SetErrorHandler
		_EUSART1_SetFramingErrorHandler
		_EUSART1_SetOverrunErrorHandler
 This function is called by:
		_SYSTEM_Initialize
 This function uses a non-reentrant model


 *************** function _EUSART1_SetOverrunErrorHandler *****************
 Defined at:
		line 170 in file "mcc_generated_files/eusart1.c"
 Parameters:    Size  Location     Type
  interruptHan    2    0[COMRAM] PTR FTN()void 
		 -> EUSART1_DefaultOverrunErrorHandler(1), 
 Auto vars:     Size  Location     Type
		None
 Return value:  Size  Location     Type
                  1    wreg      void 
 Registers used:
		wreg, status,2, status,0
 Tracked objects:
		On entry : 
		On exit  : 
		Unchanged: 
 Data sizes:     COMRAM   BANK0   BANK1   BANK2   BANK3   BANK4   BANK5   BANK6   BANK7   BANK8   BANK9  BANK10  BANK11  BANK12  BANK13  BANK14  BANK15
      Params:         2       0       0       0       0       0       0       0       0       0       0       0       0       0       0       0       0
      Locals:         0       0       0       0       0       0       0       0       0       0       0       0       0       0       0       0       0
      Temps:          0       0       0       0       0       0       0       0       0       0       0       0       0       0       0       0       0
      Totals:         2       0       0       0       0       0       0       0       0       0       0       0       0       0       0       0       0
Total ram usage:        2 bytes
 Hardware stack levels used:    1
 This function calls:
		Nothing
 This function is called by:
		_EUSART1_Initialize
 This function uses a non-reentrant model


 *************** function _EUSART1_SetFramingErrorHandler *****************
 Defined at:
		line 166 in file "mcc_generated_files/eusart1.c"
 Parameters:    Size  Location     Type
  interruptHan    2    0[COMRAM] PTR FTN()void 
		 -> EUSART1_DefaultFramingErrorHandler(1), 
 Auto vars:     Size  Location     Type
		None
 Return value:  Size  Location     Type
                  1    wreg      void 
 Registers used:
		wreg, status,2, status,0
 Tracked objects:
		On entry : 
		On exit  : 
		Unchanged: 
 Data sizes:     COMRAM   BANK0   BANK1   BANK2   BANK3   BANK4   BANK5   BANK6   BANK7   BANK8   BANK9  BANK10  BANK11  BANK12  BANK13  BANK14  BANK15
      Params:         2       0       0       0       0       0       0       0       0       0       0       0       0       0       0       0       0
      Locals:         0       0       0       0       0       0       0       0       0       0       0       0       0       0       0       0       0
      Temps:          0       0       0       0       0       0       0       0       0       0       0       0       0       0       0       0       0
      Totals:         2       0       0       0       0       0       0       0       0       0       0       0       0       0       0       0       0
Total ram usage:        2 bytes
 Hardware stack levels used:    1
 This function calls:
		Nothing
 This function is called by:
		_EUSART1_Initialize
 This function uses a non-reentrant model


 *************** function _EUSART1_SetErrorHandler *****************
 Defined at:
		line 174 in file "mcc_generated_files/eusart1.c"
 Parameters:    Size  Location     Type
  interruptHan    2    0[COMRAM] PTR FTN()void 
		 -> EUSART1_DefaultErrorHandler(1), 
 Auto vars:     Size  Location     Type
		None
 Return value:  Size  Location     Type
                  1    wreg      void 
 Registers used:
		wreg, status,2, status,0
 Tracked objects:
		On entry : 
		On exit  : 
		Unchanged: 
 Data sizes:     COMRAM   BANK0   BANK1   BANK2   BANK3   BANK4   BANK5   BANK6   BANK7   BANK8   BANK9  BANK10  BANK11  BANK12  BANK13  BANK14  BANK15
      Params:         2       0       0       0       0       0       0       0       0       0       0       0       0       0       0       0       0
      Locals:         0       0       0       0       0       0       0       0       0       0       0       0       0       0       0       0       0
      Temps:          0       0       0       0       0       0       0       0       0       0       0       0       0       0       0       0       0
      Totals:         2       0       0       0       0       0       0       0       0       0       0       0       0       0       0       0       0
Total ram usage:        2 bytes
 Hardware stack levels used:    1
 This function calls:
		Nothing
 This function is called by:
		_EUSART1_Initialize
 This function uses a non-reentrant model



MODULE INFORMATION

Module		Function		Class		Link	Load	Size
mcc_generated_files/examples/i2c1_master_example.c
		_wr1RegCompleteHandler		CODE           	1C4E	0000	44
		_wr2RegCompleteHandler		CODE           	1CD2	0000	44
		_rdBlkRegCompleteHandler		CODE           	1AC4	0000	64
		_rd1RegCompleteHandler		CODE           	1CA6	0000	44
		_rd2RegCompleteHandler		CODE           	1C7A	0000	44
		_I2C1_Read1ByteRegister		CODE           	197A	0000	92

mcc_generated_files/examples/i2c1_master_example.c estimated size: 332

mcc_generated_files/i2c1_master.c
		_I2C1_DO_SEND_RESTART		CODE           	1EE6	0000	8
		_I2C1_DO_TX_EMPTY		CODE           	18BE	0000	94
		_I2C1_DO_SEND_RESTART_READ		CODE           	1EF6	0000	8
		_I2C1_CallbackReturnStop		CODE           	1F28	0000	4
		_I2C1_DO_RX    		CODE           	17D8	0000	122
		_I2C1_DO_TX    		CODE           	163E	0000	140
		_I2C1_SetAddressNackCallback		CODE           	1DB8	0000	24
		_I2C1_DO_IDLE  		CODE           	1E96	0000	10
		_I2C1_MasterOpen		CODE           	1DD0	0000	24
		_I2C1_DO_RCEN  		CODE           	1E8C	0000	10
		_I2C1_MasterSendTxData		CODE           	1EFE	0000	8
		_I2C1_MasterStop		CODE           	1F2C	0000	4
		_I2C1_CallbackReturnReset		CODE           	1F24	0000	4
		_I2C1_DO_RESET 		CODE           	1E82	0000	10
		_I2C1_MasterStartRx		CODE           	1F20	0000	4
		_I2C1_Poller   		CODE           	1E26	0000	16
		_I2C1_DO_RX_ACK		CODE           	1ED6	0000	8
		_I2C1_MasterWaitForEvent		CODE           	1F06	0000	6
		_I2C1_MasterSendNack		CODE           	1F12	0000	6
		_I2C1_DO_RX_NACK_RESTART		CODE           	1EC6	0000	8
		_I2C1_MasterDisableIrq		CODE           	1F38	0000	4
		_I2C1_MasterOperation		CODE           	1C22	0000	44
		_I2C1_SetCallback		CODE           	191C	0000	94
		_I2C1_MasterEnableRestart		CODE           	1F30	0000	4
		_I2C1_Open     		CODE           	1754	0000	132
		_I2C1_DO_ADDRESS_NACK		CODE           	1A2A	0000	78
		_I2C1_SetBuffer		CODE           	1D9E	0000	26
		_I2C1_DO_SEND_RESTART_WRITE		CODE           	1EEE	0000	8
		_I2C1_MasterClose		CODE           	1F3C	0000	4
		_I2C1_MasterWrite		CODE           	1EBE	0000	8
		_I2C1_Initialize		CODE           	1E00	0000	20
		_I2C1_Close    		CODE           	1D48	0000	34
		_I2C1_MasterIsNack		CODE           	1E6C	0000	12
		_I2C1_MasterStart		CODE           	1F34	0000	4
		_I2C1_DO_SEND_ADR_WRITE		CODE           	1E36	0000	14
		_I2C1_MasterClearIrq		CODE           	1F40	0000	4
		_I2C1_SetDataCompleteCallback		CODE           	1DE8	0000	24
		_I2C1_DO_SEND_STOP		CODE           	1EDE	0000	8
		_I2C1_MasterSendAck		CODE           	1F0C	0000	6
		_I2C1_MasterFsm		CODE           	19D6	0000	84
		_I2C1_MasterGetRxData		CODE           	1F1C	0000	4
		_I2C1_MasterSetIrq		CODE           	1F18	0000	4
		_I2C1_DO_SEND_ADR_READ		CODE           	1E44	0000	14
		_I2C1_DO_RX_NACK_STOP		CODE           	1ECE	0000	8

mcc_generated_files/i2c1_master.c estimated size: 1160

C:\Program Files\Microchip\xc8\v2.31\pic\sources\c99\common\nf_fputs.c
		_fputs         		CODE           	1BBC	0000	52

C:\Program Files\Microchip\xc8\v2.31\pic\sources\c99\common\nf_fputs.c estimated size: 52

C:\Program Files\Microchip\xc8\v2.31\pic\sources\c99\common\printf.c
		_printf        		CODE           	1D84	0000	26

C:\Program Files\Microchip\xc8\v2.31\pic\sources\c99\common\printf.c estimated size: 26

C:\Program Files\Microchip\xc8\v2.31\pic\sources\c99\common\aomod.c
		___aomod       		CODE           	151A	0000	292

C:\Program Files\Microchip\xc8\v2.31\pic\sources\c99\common\aomod.c estimated size: 292

C:\Program Files\Microchip\xc8\v2.31\pic\sources\c99\common\abs.c
		_abs           		CODE           	1BF0	0000	50

C:\Program Files\Microchip\xc8\v2.31\pic\sources\c99\common\abs.c estimated size: 50

C:\Program Files\Microchip\xc8\v2.31\pic\sources\c99\common\strlen.c
		_strlen        		CODE           	1D26	0000	34

C:\Program Files\Microchip\xc8\v2.31\pic\sources\c99\common\strlen.c estimated size: 34

mcc_generated_files/pin_manager.c
		_PIN_MANAGER_Initialize		CODE           	1B44	0000	62

mcc_generated_files/pin_manager.c estimated size: 62

C:\Program Files\Microchip\xc8\v2.31\pic\sources\c99\common\aodiv.c
		___aodiv       		CODE           	13D2	0000	328

C:\Program Files\Microchip\xc8\v2.31\pic\sources\c99\common\aodiv.c estimated size: 328

C:\Program Files\Microchip\xc8\v2.31\pic\sources\c99\common\nf_fputc.c
		_fputc         		CODE           	1852	0000	108

C:\Program Files\Microchip\xc8\v2.31\pic\sources\c99\common\nf_fputc.c estimated size: 108

shared
		__initialization		CODE           	1D6A	0000	20
		_i2c1_fsmStateTable		SMALLCONST     	1001	0000	32

shared estimated size: 52

mcc_generated_files/eusart1.c
		_EUSART1_Initialize		CODE           	1B04	0000	64
		_putch         		CODE           	1E78	0000	10
		_EUSART1_SetFramingErrorHandler		CODE           	1EAA	0000	10
		_EUSART1_SetOverrunErrorHandler		CODE           	1EA0	0000	10
		_EUSART1_SetErrorHandler		CODE           	1EB4	0000	10
		_EUSART1_Write 		CODE           	1E60	0000	12

mcc_generated_files/eusart1.c estimated size: 116

mcc_generated_files/mcc.c
		_OSCILLATOR_Initialize		CODE           	1E52	0000	14
		_SYSTEM_Initialize		CODE           	1E14	0000	18

mcc_generated_files/mcc.c estimated size: 32

C:\Program Files\Microchip\xc8\v2.31\pic\sources\c99\common\doprnt.c
		_vfpfcnvrt     		CODE           	127E	0000	340
		_pad           		CODE           	16CA	0000	138
		_dtoa          		CODE           	104C	0000	562
		_vfprintf      		CODE           	1A78	0000	76

C:\Program Files\Microchip\xc8\v2.31\pic\sources\c99\common\doprnt.c estimated size: 1116

main.c
		_main          		CODE           	1CFE	0000	40
		_TC74read      		CODE           	1B82	0000	58

main.c estimated size: 98

